[2023-03-22T08:09:12.261+0000][75][gc] Using Concurrent Mark Sweep
[2023-03-22T08:09:12.261+0000][75][gc,heap,coops] Heap address: 0x00000000e0000000, size: 512 MB, Compressed Oops mode: 32-bit
[2023-03-22T08:09:12.337+0000][75][safepoint    ] Safepoint "EnableBiasedLocking", Time since last: 30455900 ns, Reaching safepoint: 35700 ns, At safepoint: 75500 ns, Total: 111200 ns
[2023-03-22T08:09:12.339+0000][75][gc,heap,exit ] Heap
[2023-03-22T08:09:12.339+0000][75][gc,heap,exit ]  par new generation   total 157248K, used 8386K [0x00000000e0000000, 0x00000000eaaa0000, 0x00000000eaaa0000)
[2023-03-22T08:09:12.339+0000][75][gc,heap,exit ]   eden space 139776K,   6% used [0x00000000e0000000, 0x00000000e0830bc8, 0x00000000e8880000)
[2023-03-22T08:09:12.339+0000][75][gc,heap,exit ]   from space 17472K,   0% used [0x00000000e8880000, 0x00000000e8880000, 0x00000000e9990000)
[2023-03-22T08:09:12.339+0000][75][gc,heap,exit ]   to   space 17472K,   0% used [0x00000000e9990000, 0x00000000e9990000, 0x00000000eaaa0000)
[2023-03-22T08:09:12.339+0000][75][gc,heap,exit ]  concurrent mark-sweep generation total 349568K, used 0K [0x00000000eaaa0000, 0x0000000100000000, 0x0000000100000000)
[2023-03-22T08:09:12.339+0000][75][gc,heap,exit ]  Metaspace       used 179K, capacity 4480K, committed 4480K, reserved 1056768K
[2023-03-22T08:09:12.339+0000][75][gc,heap,exit ]   class space    used 8K, capacity 384K, committed 384K, reserved 1048576K
